[2026-08-18 04:52:33Z INFO HostContext] No proxy settings were found based on environmental variables (http_proxy/https_proxy/HTTP_PROXY/HTTPS_PROXY)
[2026-08-18 04:52:33Z INFO HostContext] Well known directory 'Bin': 'E:\devops\Complete Terraform\terraform\terraform 15AUG\terraform15Aug\actions-runner\bin'
[2026-08-18 04:52:33Z INFO HostContext] Well known directory 'Root': 'E:\devops\Complete Terraform\terraform\terraform 15AUG\terraform15Aug\actions-runner'
[2026-08-18 04:52:33Z INFO HostContext] Well known config file 'Credentials': 'E:\devops\Complete Terraform\terraform\terraform 15AUG\terraform15Aug\actions-runner\.credentials'
[2026-08-18 04:52:34Z INFO HostContext] Well known directory 'Bin': 'E:\devops\Complete Terraform\terraform\terraform 15AUG\terraform15Aug\actions-runner\bin'
[2026-08-18 04:52:34Z INFO HostContext] Well known directory 'Root': 'E:\devops\Complete Terraform\terraform\terraform 15AUG\terraform15Aug\actions-runner'
[2026-08-18 04:52:34Z INFO HostContext] Well known config file 'Runner': 'E:\devops\Complete Terraform\terraform\terraform 15AUG\terraform15Aug\actions-runner\.runner'
[2026-08-18 04:52:34Z INFO Listener] Runner is built for Windows (X64) - win-x64.
[2026-08-18 04:52:34Z INFO Listener] RuntimeInformation: Microsoft Windows 10.0.26200.
[2026-08-18 04:52:34Z INFO Listener] Version: 2.336.0
[2026-08-18 04:52:34Z INFO Listener] Commit: 98aabcd429c4e8402406c56ce2d26387fed3b9ce
[2026-08-18 04:52:34Z INFO Listener] Culture: en-IN
[2026-08-18 04:52:34Z INFO Listener] UI Culture: en-US
[2026-08-18 04:52:34Z INFO HostContext] Well known directory 'Bin': 'E:\devops\Complete Terraform\terraform\terraform 15AUG\terraform15Aug\actions-runner\bin'
[2026-08-18 04:52:34Z INFO HostContext] Well known directory 'Root': 'E:\devops\Complete Terraform\terraform\terraform 15AUG\terraform15Aug\actions-runner'
[2026-08-18 04:52:34Z INFO Listener] Validating directory permissions for: 'E:\devops\Complete Terraform\terraform\terraform 15AUG\terraform15Aug\actions-runner'
[2026-08-18 04:52:34Z INFO CommandLineParser] Parse
[2026-08-18 04:52:34Z INFO CommandLineParser] Parsing 1 args
[2026-08-18 04:52:34Z INFO CommandLineParser] parsing argument
[2026-08-18 04:52:34Z INFO CommandLineParser] HasArgs: False
[2026-08-18 04:52:34Z INFO CommandLineParser] Adding Command: run
[2026-08-18 04:52:34Z INFO Listener] Arguments parsed
[2026-08-18 04:52:34Z INFO Runner] ExecuteCommand
[2026-08-18 04:52:34Z INFO ConfigurationStore] currentAssemblyLocation: E:\devops\Complete Terraform\terraform\terraform 15AUG\terraform15Aug\actions-runner\bin\Runner.Listener.dll
[2026-08-18 04:52:34Z INFO HostContext] Well known directory 'Bin': 'E:\devops\Complete Terraform\terraform\terraform 15AUG\terraform15Aug\actions-runner\bin'
[2026-08-18 04:52:34Z INFO ConfigurationStore] binPath: E:\devops\Complete Terraform\terraform\terraform 15AUG\terraform15Aug\actions-runner\bin
[2026-08-18 04:52:34Z INFO HostContext] Well known directory 'Bin': 'E:\devops\Complete Terraform\terraform\terraform 15AUG\terraform15Aug\actions-runner\bin'
[2026-08-18 04:52:34Z INFO HostContext] Well known directory 'Root': 'E:\devops\Complete Terraform\terraform\terraform 15AUG\terraform15Aug\actions-runner'
[2026-08-18 04:52:34Z INFO ConfigurationStore] RootFolder: E:\devops\Complete Terraform\terraform\terraform 15AUG\terraform15Aug\actions-runner
[2026-08-18 04:52:34Z INFO HostContext] Well known directory 'Bin': 'E:\devops\Complete Terraform\terraform\terraform 15AUG\terraform15Aug\actions-runner\bin'
[2026-08-18 04:52:34Z INFO HostContext] Well known directory 'Root': 'E:\devops\Complete Terraform\terraform\terraform 15AUG\terraform15Aug\actions-runner'
[2026-08-18 04:52:34Z INFO HostContext] Well known config file 'Runner': 'E:\devops\Complete Terraform\terraform\terraform 15AUG\terraform15Aug\actions-runner\.runner'
[2026-08-18 04:52:34Z INFO ConfigurationStore] ConfigFilePath: E:\devops\Complete Terraform\terraform\terraform 15AUG\terraform15Aug\actions-runner\.runner
[2026-08-18 04:52:34Z INFO HostContext] Well known directory 'Bin': 'E:\devops\Complete Terraform\terraform\terraform 15AUG\terraform15Aug\actions-runner\bin'
[2026-08-18 04:52:34Z INFO HostContext] Well known directory 'Root': 'E:\devops\Complete Terraform\terraform\terraform 15AUG\terraform15Aug\actions-runner'
[2026-08-18 04:52:34Z INFO HostContext] Well known config file 'MigratedRunner': 'E:\devops\Complete Terraform\terraform\terraform 15AUG\terraform15Aug\actions-runner\.runner_migrated'
[2026-08-18 04:52:34Z INFO ConfigurationStore] MigratedConfigFilePath: E:\devops\Complete Terraform\terraform\terraform 15AUG\terraform15Aug\actions-runner\.runner_migrated
[2026-08-18 04:52:34Z INFO HostContext] Well known directory 'Bin': 'E:\devops\Complete Terraform\terraform\terraform 15AUG\terraform15Aug\actions-runner\bin'
[2026-08-18 04:52:34Z INFO HostContext] Well known directory 'Root': 'E:\devops\Complete Terraform\terraform\terraform 15AUG\terraform15Aug\actions-runner'
[2026-08-18 04:52:34Z INFO HostContext] Well known config file 'Credentials': 'E:\devops\Complete Terraform\terraform\terraform 15AUG\terraform15Aug\actions-runner\.credentials'
[2026-08-18 04:52:34Z INFO ConfigurationStore] CredFilePath: E:\devops\Complete Terraform\terraform\terraform 15AUG\terraform15Aug\actions-runner\.credentials
[2026-08-18 04:52:34Z INFO HostContext] Well known directory 'Bin': 'E:\devops\Complete Terraform\terraform\terraform 15AUG\terraform15Aug\actions-runner\bin'
[2026-08-18 04:52:34Z INFO HostContext] Well known directory 'Root': 'E:\devops\Complete Terraform\terraform\terraform 15AUG\terraform15Aug\actions-runner'
[2026-08-18 04:52:34Z INFO HostContext] Well known config file 'MigratedCredentials': 'E:\devops\Complete Terraform\terraform\terraform 15AUG\terraform15Aug\actions-runner\.credentials_migrated'
[2026-08-18 04:52:34Z INFO ConfigurationStore] MigratedCredFilePath: E:\devops\Complete Terraform\terraform\terraform 15AUG\terraform15Aug\actions-runner\.credentials_migrated
[2026-08-18 04:52:34Z INFO HostContext] Well known directory 'Bin': 'E:\devops\Complete Terraform\terraform\terraform 15AUG\terraform15Aug\actions-runner\bin'
[2026-08-18 04:52:34Z INFO HostContext] Well known directory 'Root': 'E:\devops\Complete Terraform\terraform\terraform 15AUG\terraform15Aug\actions-runner'
[2026-08-18 04:52:34Z INFO HostContext] Well known config file 'Service': 'E:\devops\Complete Terraform\terraform\terraform 15AUG\terraform15Aug\actions-runner\.service'
[2026-08-18 04:52:34Z INFO ConfigurationStore] ServiceConfigFilePath: E:\devops\Complete Terraform\terraform\terraform 15AUG\terraform15Aug\actions-runner\.service
[2026-08-18 04:52:34Z INFO CommandSettings] Flag 'help': 'False'
[2026-08-18 04:52:34Z INFO CommandSettings] Flag 'version': 'False'
[2026-08-18 04:52:34Z INFO CommandSettings] Flag 'commit': 'False'
[2026-08-18 04:52:34Z INFO CommandSettings] Flag 'check': 'False'
[2026-08-18 04:52:34Z INFO CommandSettings] Command 'configure': 'False'
[2026-08-18 04:52:34Z INFO CommandSettings] Command 'remove': 'False'
[2026-08-18 04:52:34Z INFO CommandSettings] Command 'warmup': 'False'
[2026-08-18 04:52:34Z INFO ConfigurationManager] LoadSettings
[2026-08-18 04:52:34Z INFO ConfigurationStore] IsConfigured()
[2026-08-18 04:52:34Z INFO ConfigurationStore] IsConfigured: True
[2026-08-18 04:52:34Z INFO ConfigurationManager] Is configured: True
[2026-08-18 04:52:34Z INFO ConfigurationStore] Read setting file: 409 chars
[2026-08-18 04:52:34Z INFO ConfigurationManager] Settings Loaded
[2026-08-18 04:52:34Z INFO ConfigurationStore] IsServiceConfigured()
[2026-08-18 04:52:34Z INFO ConfigurationStore] IsServiceConfigured: False
[2026-08-18 04:52:34Z INFO CommandSettings] Command 'run': 'True'
[2026-08-18 04:52:34Z INFO ConfigurationStore] IsConfigured()
[2026-08-18 04:52:34Z INFO ConfigurationStore] IsConfigured: True
[2026-08-18 04:52:34Z INFO ConfigurationManager] Is configured: True
[2026-08-18 04:52:34Z INFO Runner] Could not parse the argument value '' for StartupType. Defaulting to Manual
[2026-08-18 04:52:34Z INFO Runner] Set runner startup type - Manual
[2026-08-18 04:52:34Z INFO CommandSettings] Flag 'once': 'False'
[2026-08-18 04:52:34Z INFO CommandSettings] Flag 'once': 'False'
[2026-08-18 04:52:34Z INFO Runner] RunAsync
[2026-08-18 04:52:34Z INFO HostContext] Well known directory 'Bin': 'E:\devops\Complete Terraform\terraform\terraform 15AUG\terraform15Aug\actions-runner\bin'
[2026-08-18 04:52:34Z INFO HostContext] Well known directory 'Root': 'E:\devops\Complete Terraform\terraform\terraform 15AUG\terraform15Aug\actions-runner'
[2026-08-18 04:52:34Z INFO HostContext] Well known directory 'Work': 'E:\devops\Complete Terraform\terraform\terraform 15AUG\terraform15Aug\actions-runner\_work'
[2026-08-18 04:52:34Z INFO Runner] Validating directory permissions for: 'E:\devops\Complete Terraform\terraform\terraform 15AUG\terraform15Aug\actions-runner\_work'
[2026-08-18 04:52:34Z INFO ConfigurationManager] LoadMigratedSettings
[2026-08-18 04:52:34Z INFO ConfigurationStore] IsMigratedConfigured()
[2026-08-18 04:52:34Z INFO ConfigurationStore] IsMigratedConfigured: False
[2026-08-18 04:52:34Z INFO Runner] Failed to load migrated settings: No migrated configuration found.
[2026-08-18 04:52:34Z INFO Runner] Falling back to original .runner settings
[2026-08-18 04:52:34Z INFO Runner] Using BrokerMessageListener
[2026-08-18 04:52:34Z INFO BrokerMessageListener] Using provided settings
[2026-08-18 04:52:34Z INFO BrokerMessageListener] {
  "AgentId": 21,
  "AgentName": "DESKTOP-8CC8EFK",
  "PoolId": 1,
  "PoolName": "Default",
  "ServerUrl": "https://pipelinesghubeus14.actions.githubusercontent.com/y8lifPeM7LoSev5b8ZD7afup9AuljtieLTtckKzCN1Ij2ZZudF/",
  "GitHubUrl": "https://github.com/rahulsharma582/terraform15Aug",
  "WorkFolder": "_work",
  "UseV2Flow": true,
  "ServerUrlV2": "https://broker.actions.githubusercontent.com/"
}
[2026-08-18 04:52:34Z INFO BrokerMessageListener] Loading Credentials
[2026-08-18 04:52:34Z INFO ConfigurationStore] HasCredentials()
[2026-08-18 04:52:34Z INFO ConfigurationStore] stored True
[2026-08-18 04:52:34Z INFO CredentialManager] GetCredentialProvider
[2026-08-18 04:52:34Z INFO CredentialManager] Creating type OAuth
[2026-08-18 04:52:34Z INFO CredentialManager] Creating credential type: OAuth
[2026-08-18 04:52:34Z INFO HostContext] Well known directory 'Bin': 'E:\devops\Complete Terraform\terraform\terraform 15AUG\terraform15Aug\actions-runner\bin'
[2026-08-18 04:52:34Z INFO HostContext] Well known directory 'Root': 'E:\devops\Complete Terraform\terraform\terraform 15AUG\terraform15Aug\actions-runner'
[2026-08-18 04:52:34Z INFO HostContext] Well known config file 'RSACredentials': 'E:\devops\Complete Terraform\terraform\terraform 15AUG\terraform15Aug\actions-runner\.credentials_rsaparams'
[2026-08-18 04:52:34Z INFO RSAEncryptedFileKeyManager] Loading RSA key parameters from file E:\devops\Complete Terraform\terraform\terraform 15AUG\terraform15Aug\actions-runner\.credentials_rsaparams
[2026-08-18 04:52:34Z INFO BrokerMessageListener] Attempt to create session.
[2026-08-18 04:52:34Z INFO BrokerMessageListener] Connecting to the Broker Server...
[2026-08-18 04:52:34Z INFO ConfigurationStore] HasCredentials()
[2026-08-18 04:52:34Z INFO ConfigurationStore] stored True
[2026-08-18 04:52:34Z INFO CredentialManager] GetCredentialProvider
[2026-08-18 04:52:34Z INFO CredentialManager] Creating type OAuth
[2026-08-18 04:52:34Z INFO CredentialManager] Creating credential type: OAuth
[2026-08-18 04:52:34Z INFO RSAEncryptedFileKeyManager] Loading RSA key parameters from file E:\devops\Complete Terraform\terraform\terraform 15AUG\terraform15Aug\actions-runner\.credentials_rsaparams
[2026-08-18 04:52:34Z INFO BrokerMessageListener] VssConnection created
[2026-08-18 04:52:34Z INFO BrokerMessageListener] Connecting to the Runner server...
[2026-08-18 04:52:34Z INFO RunnerServer] EstablishVssConnection
[2026-08-18 04:52:34Z INFO RunnerServer] Establish connection with 100 seconds timeout.
[2026-08-18 04:52:34Z INFO GitHubActionsService] Starting operation Location.GetConnectionData
[2026-08-18 04:52:34Z INFO RunnerServer] EstablishVssConnection
[2026-08-18 04:52:34Z INFO RunnerServer] Establish connection with 60 seconds timeout.
[2026-08-18 04:52:34Z INFO GitHubActionsService] Starting operation Location.GetConnectionData
[2026-08-18 04:52:34Z INFO RunnerServer] EstablishVssConnection
[2026-08-18 04:52:34Z INFO RunnerServer] Establish connection with 60 seconds timeout.
[2026-08-18 04:52:34Z INFO GitHubActionsService] Starting operation Location.GetConnectionData
[2026-08-18 04:52:35Z INFO GitHubActionsService] Finished operation Location.GetConnectionData
[2026-08-18 04:52:35Z INFO GitHubActionsService] Finished operation Location.GetConnectionData
[2026-08-18 04:52:35Z INFO GitHubActionsService] Finished operation Location.GetConnectionData
[2026-08-18 04:52:36Z INFO BrokerMessageListener] VssConnection created
[2026-08-18 04:52:36Z INFO Terminal] WRITE LINE: 
[2026-08-18 04:52:36Z INFO Terminal] WRITE LINE: 
[2026-08-18 04:52:36Z INFO RSAEncryptedFileKeyManager] Loading RSA key parameters from file E:\devops\Complete Terraform\terraform\terraform 15AUG\terraform15Aug\actions-runner\.credentials_rsaparams
[2026-08-18 04:52:36Z INFO RSAEncryptedFileKeyManager] Loading RSA key parameters from file E:\devops\Complete Terraform\terraform\terraform 15AUG\terraform15Aug\actions-runner\.credentials_rsaparams
[2026-08-18 04:52:37Z INFO GitHubActionsService] AAD Correlation ID for this token request: Unknown
[2026-08-18 04:52:38Z INFO BrokerMessageListener] Session created.
[2026-08-18 04:52:38Z INFO Terminal] WRITE LINE: Current runner version: '2.336.0'
[2026-08-18 04:52:38Z INFO Terminal] WRITE LINE: 2026-08-18 04:52:38Z: Listening for Jobs
[2026-08-18 04:52:38Z INFO JobDispatcher] Set runner/worker IPC timeout to 30 seconds.
[2026-08-18 04:54:55Z INFO BrokerMessageListener] Acknowledging runner request 'e80e0ecb-dc68-5f9a-a74f-8c02153339e4'.
[2026-08-18 04:54:55Z INFO ConfigurationStore] HasCredentials()
[2026-08-18 04:54:55Z INFO ConfigurationStore] stored True
[2026-08-18 04:54:55Z INFO CredentialManager] GetCredentialProvider
[2026-08-18 04:54:55Z INFO CredentialManager] Creating type OAuth
[2026-08-18 04:54:55Z INFO CredentialManager] Creating credential type: OAuth
[2026-08-18 04:54:55Z INFO RSAEncryptedFileKeyManager] Loading RSA key parameters from file E:\devops\Complete Terraform\terraform\terraform 15AUG\terraform15Aug\actions-runner\.credentials_rsaparams
[2026-08-18 04:54:55Z INFO RSAEncryptedFileKeyManager] Loading RSA key parameters from file E:\devops\Complete Terraform\terraform\terraform 15AUG\terraform15Aug\actions-runner\.credentials_rsaparams
[2026-08-18 04:54:55Z INFO RSAEncryptedFileKeyManager] Loading RSA key parameters from file E:\devops\Complete Terraform\terraform\terraform 15AUG\terraform15Aug\actions-runner\.credentials_rsaparams
[2026-08-18 04:54:56Z INFO GitHubActionsService] AAD Correlation ID for this token request: Unknown
[2026-08-18 04:54:58Z INFO JobDispatcher] Job request 0 for plan 2849a09b-f725-4d3f-a31c-3e58961646f1 job e80e0ecb-dc68-5f9a-a74f-8c02153339e4 received.
[2026-08-18 04:54:58Z INFO JobDispatcher] Pull OrchestrationId 2849a09b-f725-4d3f-a31c-3e58961646f1.scan.__default from JWT claims
[2026-08-18 04:54:58Z INFO BrokerMessageListener] Received job status event. JobState: Busy
[2026-08-18 04:54:58Z INFO BrokerMessageListener] _getMessagesTokenSource is already disposed.
[2026-08-18 04:54:58Z INFO Terminal] WRITE LINE: 2026-08-18 04:54:58Z: Running job: Terraform Security Scan
[2026-08-18 04:54:58Z INFO JobDispatcher] Start renew job request 0 for job e80e0ecb-dc68-5f9a-a74f-8c02153339e4.
[2026-08-18 04:54:59Z INFO JobDispatcher] Successfully renew job e80e0ecb-dc68-5f9a-a74f-8c02153339e4, job is valid till 18-08-2026 05:05:06
[2026-08-18 04:55:00Z INFO HostContext] Well known directory 'Bin': 'E:\devops\Complete Terraform\terraform\terraform 15AUG\terraform15Aug\actions-runner\bin'
[2026-08-18 04:55:00Z INFO ProcessInvokerWrapper] Starting process:
[2026-08-18 04:55:00Z INFO ProcessInvokerWrapper]   File name: 'E:\devops\Complete Terraform\terraform\terraform 15AUG\terraform15Aug\actions-runner\bin\Runner.Worker.exe'
[2026-08-18 04:55:00Z INFO ProcessInvokerWrapper]   Arguments: 'spawnclient 1448 1532'
[2026-08-18 04:55:00Z INFO ProcessInvokerWrapper]   Working directory: 'E:\devops\Complete Terraform\terraform\terraform 15AUG\terraform15Aug\actions-runner\bin'
[2026-08-18 04:55:00Z INFO ProcessInvokerWrapper]   Require exit code zero: 'False'
[2026-08-18 04:55:00Z INFO ProcessInvokerWrapper]   Encoding web name:  ; code page: ''
[2026-08-18 04:55:00Z INFO ProcessInvokerWrapper]   Force kill process on cancellation: 'True'
[2026-08-18 04:55:00Z INFO ProcessInvokerWrapper]   Redirected STDIN: 'False'
[2026-08-18 04:55:00Z INFO ProcessInvokerWrapper]   Persist current code page: 'False'
[2026-08-18 04:55:00Z INFO ProcessInvokerWrapper]   Keep redirected STDIN open: 'False'
[2026-08-18 04:55:00Z INFO ProcessInvokerWrapper]   High priority process: 'True'
[2026-08-18 04:55:01Z INFO ProcessInvokerWrapper] Process started with process id 6960, waiting for process exit.
[2026-08-18 04:55:01Z INFO JobDispatcher] Send job request message to worker for job e80e0ecb-dc68-5f9a-a74f-8c02153339e4.
[2026-08-18 04:55:01Z INFO ProcessChannel] Sending message of length 46905, with hash '2815d1e0cbc6a8ca012fab5158b8e9980425c85df7365993c820331ae9de6bf6'
[2026-08-18 04:55:03Z INFO JobNotification] Entering JobStarted Notification
[2026-08-18 04:55:03Z INFO JobNotification] Entering StartMonitor
[2026-08-18 04:56:01Z INFO JobDispatcher] Successfully renew job e80e0ecb-dc68-5f9a-a74f-8c02153339e4, job is valid till 18-08-2026 05:06:08
[2026-08-18 04:56:29Z INFO ProcessInvokerWrapper] STDOUT/STDERR stream read finished.
[2026-08-18 04:56:29Z INFO ProcessInvokerWrapper] STDOUT/STDERR stream read finished.
[2026-08-18 04:56:29Z INFO ProcessInvokerWrapper] Finished process 6960 with exit code 102, and elapsed time 00:01:29.2610272.
[2026-08-18 04:56:29Z INFO JobDispatcher] Worker finished for job e80e0ecb-dc68-5f9a-a74f-8c02153339e4. Code: 102
[2026-08-18 04:56:29Z INFO JobDispatcher] finish job request for job e80e0ecb-dc68-5f9a-a74f-8c02153339e4 with result: Failed
[2026-08-18 04:56:29Z INFO Terminal] WRITE LINE: 2026-08-18 04:56:29Z: Job Terraform Security Scan completed with result: Failed
[2026-08-18 04:56:29Z INFO JobDispatcher] Stop renew job request for job e80e0ecb-dc68-5f9a-a74f-8c02153339e4.
[2026-08-18 04:56:29Z INFO JobDispatcher] job renew has been cancelled, stop renew job e80e0ecb-dc68-5f9a-a74f-8c02153339e4.
[2026-08-18 04:56:29Z INFO JobNotification] Entering JobCompleted Notification
[2026-08-18 04:56:29Z INFO JobNotification] Entering EndMonitor
[2026-08-18 04:56:29Z INFO BrokerMessageListener] Received job status event. JobState: Online
[2026-08-18 04:56:29Z WARN GitHubActionsService] GET request to https://broker.actions.githubusercontent.com/message?sessionId=7d3d9701-b0c1-4c83-9482-495ad5c67c54&status=Busy&runnerVersion=2.336.0&os=Windows&architecture=X64&disableUpdate=false has been cancelled.
[2026-08-18 04:56:29Z ERR  BrokerServer] Catch exception during request
[2026-08-18 04:56:30Z ERR  BrokerServer] System.Threading.Tasks.TaskCanceledException: The operation was canceled.
 ---> System.Threading.Tasks.TaskCanceledException: The operation was canceled.
 ---> System.IO.IOException: Unable to read data from the transport connection: The I/O operation has been aborted because of either a thread exit or an application request..
 ---> System.Net.Sockets.SocketException (995): The I/O operation has been aborted because of either a thread exit or an application request.
   --- End of inner exception stack trace ---
   at System.Net.Sockets.Socket.AwaitableSocketAsyncEventArgs.ThrowException(SocketError error, CancellationToken cancellationToken)
   at System.Net.Sockets.Socket.AwaitableSocketAsyncEventArgs.System.Threading.Tasks.Sources.IValueTaskSource<System.Int32>.GetResult(Int16 token)
   at System.Net.Security.SslStream.EnsureFullTlsFrameAsync[TIOAdapter](CancellationToken cancellationToken, Int32 estimatedSize)
   at System.Runtime.CompilerServices.PoolingAsyncValueTaskMethodBuilder`1.StateMachineBox`1.System.Threading.Tasks.Sources.IValueTaskSource<TResult>.GetResult(Int16 token)
   at System.Net.Security.SslStream.ReadAsyncInternal[TIOAdapter](Memory`1 buffer, CancellationToken cancellationToken)
   at System.Runtime.CompilerServices.PoolingAsyncValueTaskMethodBuilder`1.StateMachineBox`1.System.Threading.Tasks.Sources.IValueTaskSource<TResult>.GetResult(Int16 token)
   at System.Net.Http.HttpConnection.SendAsync(HttpRequestMessage request, Boolean async, CancellationToken cancellationToken)
   --- End of inner exception stack trace ---
   at System.Net.Http.HttpConnection.SendAsync(HttpRequestMessage request, Boolean async, CancellationToken cancellationToken)
   at System.Net.Http.AuthenticationHelper.SendWithNtAuthAsync(HttpRequestMessage request, Uri authUri, Boolean async, ICredentials credentials, Boolean isProxyAuth, HttpConnection connection, HttpConnectionPool connectionPool, CancellationToken cancellationToken)
   at System.Net.Http.HttpConnectionPool.SendWithVersionDetectionAndRetryAsync(HttpRequestMessage request, Boolean async, Boolean doRequestAuth, CancellationToken cancellationToken)
   at System.Net.Http.AuthenticationHelper.SendWithAuthAsync(HttpRequestMessage request, Uri authUri, Boolean async, ICredentials credentials, Boolean preAuthenticate, Boolean isProxyAuth, Boolean doRequestAuth, HttpConnectionPool pool, CancellationToken cancellationToken)
   at System.Net.Http.RedirectHandler.SendAsync(HttpRequestMessage request, Boolean async, CancellationToken cancellationToken)
   at GitHub.Services.Common.RawHttpMessageHandler.SendAsync(HttpRequestMessage request, CancellationToken cancellationToken)
   at GitHub.Services.Common.VssHttpRetryMessageHandler.SendAsync(HttpRequestMessage request, CancellationToken cancellationToken)
   at System.Net.Http.HttpClient.<SendAsync>g__Core|83_0(HttpRequestMessage request, HttpCompletionOption completionOption, CancellationTokenSource cts, Boolean disposeCts, CancellationTokenSource pendingRequestsCts, CancellationToken originalCancellationToken)
   --- End of inner exception stack trace ---
   at System.Net.Http.HttpClient.HandleFailure(Exception e, Boolean telemetryStarted, HttpResponseMessage response, CancellationTokenSource cts, CancellationToken cancellationToken, CancellationTokenSource pendingRequestsCts)
   at System.Net.Http.HttpClient.<SendAsync>g__Core|83_0(HttpRequestMessage request, HttpCompletionOption completionOption, CancellationTokenSource cts, Boolean disposeCts, CancellationTokenSource pendingRequestsCts, CancellationToken originalCancellationToken)
   at Sdk.WebApi.WebApi.RawHttpClientBase.SendAsync(HttpRequestMessage message, HttpCompletionOption completionOption, Object userState, CancellationToken cancellationToken)
   at Sdk.WebApi.WebApi.RawHttpClientBase.SendAsync[T](HttpRequestMessage message, Boolean readErrorBody, Object userState, CancellationToken cancellationToken)
   at Sdk.WebApi.WebApi.RawHttpClientBase.SendAsync[T](HttpMethod method, IEnumerable`1 additionalHeaders, Uri requestUri, HttpContent content, IEnumerable`1 queryParameters, Boolean readErrorBody, Object userState, CancellationToken cancellationToken)
   at GitHub.Actions.RunService.WebApi.BrokerHttpClient.GetRunnerMessageAsync(Nullable`1 sessionId, String runnerVersion, Nullable`1 status, String os, String architecture, Nullable`1 disableUpdate, CancellationToken cancellationToken)
   at GitHub.Runner.Common.BrokerServer.<>c__DisplayClass7_0.<<GetRunnerMessageAsync>b__0>d.MoveNext()
--- End of stack trace from previous location ---
   at GitHub.Runner.Common.RunnerService.RetryRequest[T](Func`1 func, CancellationToken cancellationToken, Int32 maxAttempts, Func`2 shouldRetry)
[2026-08-18 04:56:30Z ERR  BrokerServer] #####################################################
[2026-08-18 04:56:30Z ERR  BrokerServer] System.Threading.Tasks.TaskCanceledException: The operation was canceled.
 ---> System.IO.IOException: Unable to read data from the transport connection: The I/O operation has been aborted because of either a thread exit or an application request..
 ---> System.Net.Sockets.SocketException (995): The I/O operation has been aborted because of either a thread exit or an application request.
   --- End of inner exception stack trace ---
   at System.Net.Sockets.Socket.AwaitableSocketAsyncEventArgs.ThrowException(SocketError error, CancellationToken cancellationToken)
   at System.Net.Sockets.Socket.AwaitableSocketAsyncEventArgs.System.Threading.Tasks.Sources.IValueTaskSource<System.Int32>.GetResult(Int16 token)
   at System.Net.Security.SslStream.EnsureFullTlsFrameAsync[TIOAdapter](CancellationToken cancellationToken, Int32 estimatedSize)
   at System.Runtime.CompilerServices.PoolingAsyncValueTaskMethodBuilder`1.StateMachineBox`1.System.Threading.Tasks.Sources.IValueTaskSource<TResult>.GetResult(Int16 token)
   at System.Net.Security.SslStream.ReadAsyncInternal[TIOAdapter](Memory`1 buffer, CancellationToken cancellationToken)
   at System.Runtime.CompilerServices.PoolingAsyncValueTaskMethodBuilder`1.StateMachineBox`1.System.Threading.Tasks.Sources.IValueTaskSource<TResult>.GetResult(Int16 token)
   at System.Net.Http.HttpConnection.SendAsync(HttpRequestMessage request, Boolean async, CancellationToken cancellationToken)
   --- End of inner exception stack trace ---
   at System.Net.Http.HttpConnection.SendAsync(HttpRequestMessage request, Boolean async, CancellationToken cancellationToken)
   at System.Net.Http.AuthenticationHelper.SendWithNtAuthAsync(HttpRequestMessage request, Uri authUri, Boolean async, ICredentials credentials, Boolean isProxyAuth, HttpConnection connection, HttpConnectionPool connectionPool, CancellationToken cancellationToken)
   at System.Net.Http.HttpConnectionPool.SendWithVersionDetectionAndRetryAsync(HttpRequestMessage request, Boolean async, Boolean doRequestAuth, CancellationToken cancellationToken)
   at System.Net.Http.AuthenticationHelper.SendWithAuthAsync(HttpRequestMessage request, Uri authUri, Boolean async, ICredentials credentials, Boolean preAuthenticate, Boolean isProxyAuth, Boolean doRequestAuth, HttpConnectionPool pool, CancellationToken cancellationToken)
   at System.Net.Http.RedirectHandler.SendAsync(HttpRequestMessage request, Boolean async, CancellationToken cancellationToken)
   at GitHub.Services.Common.RawHttpMessageHandler.SendAsync(HttpRequestMessage request, CancellationToken cancellationToken)
   at GitHub.Services.Common.VssHttpRetryMessageHandler.SendAsync(HttpRequestMessage request, CancellationToken cancellationToken)
   at System.Net.Http.HttpClient.<SendAsync>g__Core|83_0(HttpRequestMessage request, HttpCompletionOption completionOption, CancellationTokenSource cts, Boolean disposeCts, CancellationTokenSource pendingRequestsCts, CancellationToken originalCancellationToken)
[2026-08-18 04:56:30Z ERR  BrokerServer] #####################################################
[2026-08-18 04:56:30Z ERR  BrokerServer] System.IO.IOException: Unable to read data from the transport connection: The I/O operation has been aborted because of either a thread exit or an application request..
 ---> System.Net.Sockets.SocketException (995): The I/O operation has been aborted because of either a thread exit or an application request.
   --- End of inner exception stack trace ---
   at System.Net.Sockets.Socket.AwaitableSocketAsyncEventArgs.ThrowException(SocketError error, CancellationToken cancellationToken)
   at System.Net.Sockets.Socket.AwaitableSocketAsyncEventArgs.System.Threading.Tasks.Sources.IValueTaskSource<System.Int32>.GetResult(Int16 token)
   at System.Net.Security.SslStream.EnsureFullTlsFrameAsync[TIOAdapter](CancellationToken cancellationToken, Int32 estimatedSize)
   at System.Runtime.CompilerServices.PoolingAsyncValueTaskMethodBuilder`1.StateMachineBox`1.System.Threading.Tasks.Sources.IValueTaskSource<TResult>.GetResult(Int16 token)
   at System.Net.Security.SslStream.ReadAsyncInternal[TIOAdapter](Memory`1 buffer, CancellationToken cancellationToken)
   at System.Runtime.CompilerServices.PoolingAsyncValueTaskMethodBuilder`1.StateMachineBox`1.System.Threading.Tasks.Sources.IValueTaskSource<TResult>.GetResult(Int16 token)
   at System.Net.Http.HttpConnection.SendAsync(HttpRequestMessage request, Boolean async, CancellationToken cancellationToken)
[2026-08-18 04:56:30Z ERR  BrokerServer] #####################################################
[2026-08-18 04:56:30Z ERR  BrokerServer] System.Net.Sockets.SocketException (995): The I/O operation has been aborted because of either a thread exit or an application request.
[2026-08-18 04:56:30Z WARN BrokerServer] Back off 11.58 seconds before next retry. 4 attempt left.
[2026-08-18 04:56:30Z INFO BrokerMessageListener] Get messages has been cancelled using local token source. Continue to get messages with new status.
[2026-08-18 04:57:51Z INFO HostContext] Runner will be shutdown for UserCancelled
[2026-08-18 04:57:51Z WARN GitHubActionsService] GET request to https://broker.actions.githubusercontent.com/message?sessionId=7d3d9701-b0c1-4c83-9482-495ad5c67c54&status=Online&runnerVersion=2.336.0&os=Windows&architecture=X64&disableUpdate=false has been cancelled.
[2026-08-18 04:57:51Z ERR  BrokerServer] Catch exception during request
[2026-08-18 04:57:51Z ERR  BrokerServer] System.Threading.Tasks.TaskCanceledException: The operation was canceled.
 ---> System.Threading.Tasks.TaskCanceledException: The operation was canceled.
 ---> System.IO.IOException: Unable to read data from the transport connection: The I/O operation has been aborted because of either a thread exit or an application request..
 ---> System.Net.Sockets.SocketException (995): The I/O operation has been aborted because of either a thread exit or an application request.
   --- End of inner exception stack trace ---
   at System.Net.Sockets.Socket.AwaitableSocketAsyncEventArgs.ThrowException(SocketError error, CancellationToken cancellationToken)
   at System.Net.Sockets.Socket.AwaitableSocketAsyncEventArgs.System.Threading.Tasks.Sources.IValueTaskSource<System.Int32>.GetResult(Int16 token)
   at System.Net.Security.SslStream.EnsureFullTlsFrameAsync[TIOAdapter](CancellationToken cancellationToken, Int32 estimatedSize)
   at System.Runtime.CompilerServices.PoolingAsyncValueTaskMethodBuilder`1.StateMachineBox`1.System.Threading.Tasks.Sources.IValueTaskSource<TResult>.GetResult(Int16 token)
   at System.Net.Security.SslStream.ReadAsyncInternal[TIOAdapter](Memory`1 buffer, CancellationToken cancellationToken)
   at System.Runtime.CompilerServices.PoolingAsyncValueTaskMethodBuilder`1.StateMachineBox`1.System.Threading.Tasks.Sources.IValueTaskSource<TResult>.GetResult(Int16 token)
   at System.Net.Http.HttpConnection.SendAsync(HttpRequestMessage request, Boolean async, CancellationToken cancellationToken)
   --- End of inner exception stack trace ---
   at System.Net.Http.HttpConnection.SendAsync(HttpRequestMessage request, Boolean async, CancellationToken cancellationToken)
   at System.Net.Http.AuthenticationHelper.SendWithNtAuthAsync(HttpRequestMessage request, Uri authUri, Boolean async, ICredentials credentials, Boolean isProxyAuth, HttpConnection connection, HttpConnectionPool connectionPool, CancellationToken cancellationToken)
   at System.Net.Http.HttpConnectionPool.SendWithVersionDetectionAndRetryAsync(HttpRequestMessage request, Boolean async, Boolean doRequestAuth, CancellationToken cancellationToken)
   at System.Net.Http.AuthenticationHelper.SendWithAuthAsync(HttpRequestMessage request, Uri authUri, Boolean async, ICredentials credentials, Boolean preAuthenticate, Boolean isProxyAuth, Boolean doRequestAuth, HttpConnectionPool pool, CancellationToken cancellationToken)
   at System.Net.Http.RedirectHandler.SendAsync(HttpRequestMessage request, Boolean async, CancellationToken cancellationToken)
   at GitHub.Services.Common.RawHttpMessageHandler.SendAsync(HttpRequestMessage request, CancellationToken cancellationToken)
   at GitHub.Services.Common.VssHttpRetryMessageHandler.SendAsync(HttpRequestMessage request, CancellationToken cancellationToken)
   at System.Net.Http.HttpClient.<SendAsync>g__Core|83_0(HttpRequestMessage request, HttpCompletionOption completionOption, CancellationTokenSource cts, Boolean disposeCts, CancellationTokenSource pendingRequestsCts, CancellationToken originalCancellationToken)
   --- End of inner exception stack trace ---
   at System.Net.Http.HttpClient.HandleFailure(Exception e, Boolean telemetryStarted, HttpResponseMessage response, CancellationTokenSource cts, CancellationToken cancellationToken, CancellationTokenSource pendingRequestsCts)
   at System.Net.Http.HttpClient.<SendAsync>g__Core|83_0(HttpRequestMessage request, HttpCompletionOption completionOption, CancellationTokenSource cts, Boolean disposeCts, CancellationTokenSource pendingRequestsCts, CancellationToken originalCancellationToken)
   at Sdk.WebApi.WebApi.RawHttpClientBase.SendAsync(HttpRequestMessage message, HttpCompletionOption completionOption, Object userState, CancellationToken cancellationToken)
   at Sdk.WebApi.WebApi.RawHttpClientBase.SendAsync[T](HttpRequestMessage message, Boolean readErrorBody, Object userState, CancellationToken cancellationToken)
   at Sdk.WebApi.WebApi.RawHttpClientBase.SendAsync[T](HttpMethod method, IEnumerable`1 additionalHeaders, Uri requestUri, HttpContent content, IEnumerable`1 queryParameters, Boolean readErrorBody, Object userState, CancellationToken cancellationToken)
   at GitHub.Actions.RunService.WebApi.BrokerHttpClient.GetRunnerMessageAsync(Nullable`1 sessionId, String runnerVersion, Nullable`1 status, String os, String architecture, Nullable`1 disableUpdate, CancellationToken cancellationToken)
   at GitHub.Runner.Common.BrokerServer.<>c__DisplayClass7_0.<<GetRunnerMessageAsync>b__0>d.MoveNext()
--- End of stack trace from previous location ---
   at GitHub.Runner.Common.RunnerService.RetryRequest[T](Func`1 func, CancellationToken cancellationToken, Int32 maxAttempts, Func`2 shouldRetry)
[2026-08-18 04:57:51Z ERR  BrokerServer] #####################################################
[2026-08-18 04:57:51Z ERR  BrokerServer] System.Threading.Tasks.TaskCanceledException: The operation was canceled.
 ---> System.IO.IOException: Unable to read data from the transport connection: The I/O operation has been aborted because of either a thread exit or an application request..
 ---> System.Net.Sockets.SocketException (995): The I/O operation has been aborted because of either a thread exit or an application request.
   --- End of inner exception stack trace ---
   at System.Net.Sockets.Socket.AwaitableSocketAsyncEventArgs.ThrowException(SocketError error, CancellationToken cancellationToken)
   at System.Net.Sockets.Socket.AwaitableSocketAsyncEventArgs.System.Threading.Tasks.Sources.IValueTaskSource<System.Int32>.GetResult(Int16 token)
   at System.Net.Security.SslStream.EnsureFullTlsFrameAsync[TIOAdapter](CancellationToken cancellationToken, Int32 estimatedSize)
   at System.Runtime.CompilerServices.PoolingAsyncValueTaskMethodBuilder`1.StateMachineBox`1.System.Threading.Tasks.Sources.IValueTaskSource<TResult>.GetResult(Int16 token)
   at System.Net.Security.SslStream.ReadAsyncInternal[TIOAdapter](Memory`1 buffer, CancellationToken cancellationToken)
   at System.Runtime.CompilerServices.PoolingAsyncValueTaskMethodBuilder`1.StateMachineBox`1.System.Threading.Tasks.Sources.IValueTaskSource<TResult>.GetResult(Int16 token)
   at System.Net.Http.HttpConnection.SendAsync(HttpRequestMessage request, Boolean async, CancellationToken cancellationToken)
   --- End of inner exception stack trace ---
   at System.Net.Http.HttpConnection.SendAsync(HttpRequestMessage request, Boolean async, CancellationToken cancellationToken)
   at System.Net.Http.AuthenticationHelper.SendWithNtAuthAsync(HttpRequestMessage request, Uri authUri, Boolean async, ICredentials credentials, Boolean isProxyAuth, HttpConnection connection, HttpConnectionPool connectionPool, CancellationToken cancellationToken)
   at System.Net.Http.HttpConnectionPool.SendWithVersionDetectionAndRetryAsync(HttpRequestMessage request, Boolean async, Boolean doRequestAuth, CancellationToken cancellationToken)
   at System.Net.Http.AuthenticationHelper.SendWithAuthAsync(HttpRequestMessage request, Uri authUri, Boolean async, ICredentials credentials, Boolean preAuthenticate, Boolean isProxyAuth, Boolean doRequestAuth, HttpConnectionPool pool, CancellationToken cancellationToken)
   at System.Net.Http.RedirectHandler.SendAsync(HttpRequestMessage request, Boolean async, CancellationToken cancellationToken)
   at GitHub.Services.Common.RawHttpMessageHandler.SendAsync(HttpRequestMessage request, CancellationToken cancellationToken)
   at GitHub.Services.Common.VssHttpRetryMessageHandler.SendAsync(HttpRequestMessage request, CancellationToken cancellationToken)
   at System.Net.Http.HttpClient.<SendAsync>g__Core|83_0(HttpRequestMessage request, HttpCompletionOption completionOption, CancellationTokenSource cts, Boolean disposeCts, CancellationTokenSource pendingRequestsCts, CancellationToken originalCancellationToken)
[2026-08-18 04:57:51Z ERR  BrokerServer] #####################################################
[2026-08-18 04:57:51Z ERR  BrokerServer] System.IO.IOException: Unable to read data from the transport connection: The I/O operation has been aborted because of either a thread exit or an application request..
 ---> System.Net.Sockets.SocketException (995): The I/O operation has been aborted because of either a thread exit or an application request.
   --- End of inner exception stack trace ---
   at System.Net.Sockets.Socket.AwaitableSocketAsyncEventArgs.ThrowException(SocketError error, CancellationToken cancellationToken)
   at System.Net.Sockets.Socket.AwaitableSocketAsyncEventArgs.System.Threading.Tasks.Sources.IValueTaskSource<System.Int32>.GetResult(Int16 token)
   at System.Net.Security.SslStream.EnsureFullTlsFrameAsync[TIOAdapter](CancellationToken cancellationToken, Int32 estimatedSize)
   at System.Runtime.CompilerServices.PoolingAsyncValueTaskMethodBuilder`1.StateMachineBox`1.System.Threading.Tasks.Sources.IValueTaskSource<TResult>.GetResult(Int16 token)
   at System.Net.Security.SslStream.ReadAsyncInternal[TIOAdapter](Memory`1 buffer, CancellationToken cancellationToken)
   at System.Runtime.CompilerServices.PoolingAsyncValueTaskMethodBuilder`1.StateMachineBox`1.System.Threading.Tasks.Sources.IValueTaskSource<TResult>.GetResult(Int16 token)
   at System.Net.Http.HttpConnection.SendAsync(HttpRequestMessage request, Boolean async, CancellationToken cancellationToken)
[2026-08-18 04:57:51Z ERR  BrokerServer] #####################################################
[2026-08-18 04:57:51Z ERR  BrokerServer] System.Net.Sockets.SocketException (995): The I/O operation has been aborted because of either a thread exit or an application request.
[2026-08-18 04:57:51Z WARN BrokerServer] Back off 13.627 seconds before next retry. 4 attempt left.
[2026-08-18 04:57:51Z INFO BrokerMessageListener] Get next message has been cancelled.
[2026-08-18 04:57:51Z INFO JobDispatcher] Shutting down JobDispatcher. Make sure all WorkerDispatcher has finished.
[2026-08-18 04:57:51Z INFO JobDispatcher] Ensure WorkerDispatcher for job e80e0ecb-dc68-5f9a-a74f-8c02153339e4 run to finish, cancel any running job.
[2026-08-18 04:57:51Z INFO JobDispatcher] Job request e80e0ecb-dc68-5f9a-a74f-8c02153339e4 processed succeed.
[2026-08-18 04:57:51Z INFO Runner] Deleting Runner Session...
[2026-08-18 04:57:52Z INFO Listener] Runner execution been cancelled.
